<?xml version="1.0" encoding="UTF-8"?>
<testsuites>
  <testsuite name="/Users/tim/Work/laravel_samples/phpunit.xml" tests="7" assertions="26" errors="0" failures="0" skipped="0" time="0.002420">
    <testsuite name="Unit" tests="7" assertions="26" errors="0" failures="0" skipped="0" time="0.002420">
      <testsuite name="Tests\Unit\ExampleTest" file="/Users/tim/Work/laravel_samples/tests/Unit/ExampleTest.php" tests="1" assertions="1" errors="0" failures="0" skipped="0" time="0.000739">
        <testcase name="test_that_true_is_true" file="/Users/tim/Work/laravel_samples/tests/Unit/ExampleTest.php" line="12" class="Tests\Unit\ExampleTest" classname="Tests.Unit.ExampleTest" assertions="1" time="0.000739"/>
      </testsuite>
      <testsuite name="Tests\Unit\Services\PaymentGateway\MockPaymentGatewayTest" file="/Users/tim/Work/laravel_samples/tests/Unit/Services/PaymentGateway/MockPaymentGatewayTest.php" tests="6" assertions="25" errors="0" failures="0" skipped="0" time="0.001682">
        <testcase name="test_sync_users_returns_paginated_response_with_mock_data" file="/Users/tim/Work/laravel_samples/tests/Unit/Services/PaymentGateway/MockPaymentGatewayTest.php" line="20" class="Tests\Unit\Services\PaymentGateway\MockPaymentGatewayTest" classname="Tests.Unit.Services.PaymentGateway.MockPaymentGatewayTest" assertions="7" time="0.001334"/>
        <testcase name="test_sync_users_with_filters_still_returns_same_data" file="/Users/tim/Work/laravel_samples/tests/Unit/Services/PaymentGateway/MockPaymentGatewayTest.php" line="37" class="Tests\Unit\Services\PaymentGateway\MockPaymentGatewayTest" classname="Tests.Unit.Services.PaymentGateway.MockPaymentGatewayTest" assertions="2" time="0.000080"/>
        <testcase name="test_sync_deposits_returns_paginated_response_with_mock_data" file="/Users/tim/Work/laravel_samples/tests/Unit/Services/PaymentGateway/MockPaymentGatewayTest.php" line="49" class="Tests\Unit\Services\PaymentGateway\MockPaymentGatewayTest" classname="Tests.Unit.Services.PaymentGateway.MockPaymentGatewayTest" assertions="10" time="0.000103"/>
        <testcase name="test_sync_withdrawals_returns_empty_paginated_response" file="/Users/tim/Work/laravel_samples/tests/Unit/Services/PaymentGateway/MockPaymentGatewayTest.php" line="69" class="Tests\Unit\Services\PaymentGateway\MockPaymentGatewayTest" classname="Tests.Unit.Services.PaymentGateway.MockPaymentGatewayTest" assertions="2" time="0.000056"/>
        <testcase name="test_sync_bonuses_returns_empty_paginated_response" file="/Users/tim/Work/laravel_samples/tests/Unit/Services/PaymentGateway/MockPaymentGatewayTest.php" line="77" class="Tests\Unit\Services\PaymentGateway\MockPaymentGatewayTest" classname="Tests.Unit.Services.PaymentGateway.MockPaymentGatewayTest" assertions="2" time="0.000053"/>
        <testcase name="test_sync_transactions_returns_empty_paginated_response" file="/Users/tim/Work/laravel_samples/tests/Unit/Services/PaymentGateway/MockPaymentGatewayTest.php" line="85" class="Tests\Unit\Services\PaymentGateway\MockPaymentGatewayTest" classname="Tests.Unit.Services.PaymentGateway.MockPaymentGatewayTest" assertions="2" time="0.000056"/>
      </testsuite>
    </testsuite>
  </testsuite>
</testsuites>
